
Memory Configuration

Name             Origin             Length             Attributes
FLASH            0x0000000008000000 0x0000000000100000 xr
SRAM             0x0000000020000000 0x0000000000020000 xrw
*default*        0x0000000000000000 0xffffffffffffffff

Linker script and memory map

LOAD led_button.o
LOAD stm32f407xx_gpio_driver.o
LOAD stm32_startup.o

.text           0x0000000008000000      0x880
 *(.isr_vector)
 .isr_vector    0x0000000008000000      0x188 stm32_startup.o
                0x0000000008000000                vectors
 *(.text)
 .text          0x0000000008000188       0xd4 led_button.o
                0x0000000008000188                delay
                0x00000000080001b4                main
 .text          0x000000000800025c      0x598 stm32f407xx_gpio_driver.o
                0x000000000800025c                GPIO_Init
                0x00000000080003ea                GPIO_DeInit
                0x0000000008000554                GPIO_PeriClockControl
                0x0000000008000724                GPIO_ReadFromInputPin
                0x000000000800074e                GPIO_ReadFromInputPort
                0x0000000008000768                GPIO_WritetoOutputPin
                0x00000000080007b0                GPIO_WritetoOutputPort
                0x00000000080007cc                GPIO_ToggleOutputPin
 .text          0x00000000080007f4       0x8c stm32_startup.o
                0x00000000080007f4                RTC_Alarm_IRQHandler
                0x00000000080007f4                HASH_RNG_IRQHandler
                0x00000000080007f4                EXTI2_IRQHandler
                0x00000000080007f4                TIM8_CC_IRQHandler
                0x00000000080007f4                DebugMon_Handler
                0x00000000080007f4                TIM1_CC_IRQHandler
                0x00000000080007f4                DMA2_Stream5_IRQHandler
                0x00000000080007f4                HardFault_Handler
                0x00000000080007f4                DMA1_Stream5_IRQHandler
                0x00000000080007f4                SysTick_Handler
                0x00000000080007f4                PVD_IRQHandler
                0x00000000080007f4                SDIO_IRQHandler
                0x00000000080007f4                TAMP_STAMP_IRQHandler
                0x00000000080007f4                PendSV_Handler
                0x00000000080007f4                NMI_Handler
                0x00000000080007f4                CAN2_RX1_IRQHandler
                0x00000000080007f4                EXTI3_IRQHandler
                0x00000000080007f4                TIM8_TRG_COM_TIM14_IRQHandler
                0x00000000080007f4                TIM1_UP_TIM10_IRQHandler
                0x00000000080007f4                TIM8_UP_TIM13_IRQHandler
                0x00000000080007f4                I2C3_ER_IRQHandler
                0x00000000080007f4                EXTI0_IRQHandler
                0x00000000080007f4                I2C2_EV_IRQHandler
                0x00000000080007f4                DMA1_Stream2_IRQHandler
                0x00000000080007f4                CAN1_RX0_IRQHandler
                0x00000000080007f4                FPU_IRQHandler
                0x00000000080007f4                OTG_HS_WKUP_IRQHandler
                0x00000000080007f4                UsageFault_Handler
                0x00000000080007f4                CAN2_SCE_IRQHandler
                0x00000000080007f4                DMA2_Stream2_IRQHandler
                0x00000000080007f4                SPI1_IRQHandler
                0x00000000080007f4                TIM6_DAC_IRQHandler
                0x00000000080007f4                TIM1_BRK_TIM9_IRQHandler
                0x00000000080007f4                DCMI_IRQHandler
                0x00000000080007f4                CAN2_RX0_IRQHandler
                0x00000000080007f4                DMA2_Stream3_IRQHandler
                0x00000000080007f4                USART6_IRQHandler
                0x00000000080007f4                USART3_IRQHandler
                0x00000000080007f4                CRYP_IRQHandler
                0x00000000080007f4                DMA2_Stream6_IRQHandler
                0x00000000080007f4                CAN1_RX1_IRQHandler
                0x00000000080007f4                UART5_IRQHandler
                0x00000000080007f4                DMA2_Stream0_IRQHandler
                0x00000000080007f4                TIM4_IRQHandler
                0x00000000080007f4                I2C1_EV_IRQHandler
                0x00000000080007f4                DMA1_Stream6_IRQHandler
                0x00000000080007f4                DMA1_Stream1_IRQHandler
                0x00000000080007f4                UART4_IRQHandler
                0x00000000080007f4                TIM3_IRQHandler
                0x00000000080007f4                RCC_IRQHandler
                0x00000000080007f4                TIM8_BRK_TIM12_IRQHandler
                0x00000000080007f4                Default_Handler
                0x00000000080007f4                EXTI15_10_IRQHandler
                0x00000000080007f4                ADC_IRQHandler
                0x00000000080007f4                DMA1_Stream7_IRQHandler
                0x00000000080007f4                TIM7_IRQHandler
                0x00000000080007f4                CAN2_TX_IRQHandler
                0x00000000080007f4                TIM5_IRQHandler
                0x00000000080007f4                DMA2_Stream7_IRQHandler
                0x00000000080007f4                I2C3_EV_IRQHandler
                0x00000000080007f4                EXTI9_5_IRQHandler
                0x00000000080007f4                RTC_WKUP_IRQHandler
                0x00000000080007f4                ETH_WKUP_IRQHandler
                0x00000000080007f4                SPI2_IRQHandler
                0x00000000080007f4                OTG_HS_EP1_IN_IRQHandler
                0x00000000080007f4                MemManage_Handler
                0x00000000080007f4                DMA1_Stream0_IRQHandler
                0x00000000080007f4                CAN1_TX_IRQHandler
                0x00000000080007f4                SVC_Handler
                0x00000000080007f4                EXTI4_IRQHandler
                0x00000000080007f4                FSMC_IRQHandler
                0x00000000080007f4                ETH_IRQHandler
                0x00000000080007f4                OTG_HS_EP1_OUT_IRQHandler
                0x00000000080007f4                WWDG_IRQHandler
                0x00000000080007f4                TIM2_IRQHandler
                0x00000000080007f4                OTG_FS_WKUP_IRQHandler
                0x00000000080007f4                TIM1_TRG_COM_TIM11_IRQHandler
                0x00000000080007f4                OTG_HS_IRQHandler
                0x00000000080007f4                EXTI1_IRQHandler
                0x00000000080007f4                USART2_IRQHandler
                0x00000000080007f4                I2C2_ER_IRQHandler
                0x00000000080007f4                DMA2_Stream1_IRQHandler
                0x00000000080007f4                CAN1_SCE_IRQHandler
                0x00000000080007f4                DMA2_Stream4_IRQHandler
                0x00000000080007f4                BusFault_Handler
                0x00000000080007f4                USART1_IRQHandler
                0x00000000080007f4                OTG_FS_IRQHandler
                0x00000000080007f4                SPI3_IRQHandler
                0x00000000080007f4                DMA1_Stream4_IRQHandler
                0x00000000080007f4                I2C1_ER_IRQHandler
                0x00000000080007f4                DMA1_Stream3_IRQHandler
                0x00000000080007fa                Reset_Handler
 *(.rodata)
                0x0000000008000880                _etext = .
                0x0000000008000880                _la_data = LOADADDR (.data)

.glue_7         0x0000000008000880        0x0
 .glue_7        0x0000000008000880        0x0 linker stubs

.glue_7t        0x0000000008000880        0x0
 .glue_7t       0x0000000008000880        0x0 linker stubs

.vfp11_veneer   0x0000000008000880        0x0
 .vfp11_veneer  0x0000000008000880        0x0 linker stubs

.v4_bx          0x0000000008000880        0x0
 .v4_bx         0x0000000008000880        0x0 linker stubs

.iplt           0x0000000008000880        0x0
 .iplt          0x0000000008000880        0x0 led_button.o

.rel.dyn        0x0000000008000880        0x0
 .rel.iplt      0x0000000008000880        0x0 led_button.o

.data           0x0000000020000000        0x0 load address 0x0000000008000880
                0x0000000020000000                _sdata = .
 *(.data)
 .data          0x0000000020000000        0x0 led_button.o
 .data          0x0000000020000000        0x0 stm32f407xx_gpio_driver.o
 .data          0x0000000020000000        0x0 stm32_startup.o
                0x0000000020000000                _edata = .

.igot.plt       0x0000000020000000        0x0 load address 0x0000000008000880
 .igot.plt      0x0000000020000000        0x0 led_button.o

.bss            0x0000000020000000        0x0 load address 0x0000000008000880
                0x0000000020000000                _sbss = .
 *(.bss)
 .bss           0x0000000020000000        0x0 led_button.o
 .bss           0x0000000020000000        0x0 stm32f407xx_gpio_driver.o
 .bss           0x0000000020000000        0x0 stm32_startup.o
                0x0000000020000000                _ebss = .
OUTPUT(finalled.elf elf32-littlearm)
LOAD linker stubs

.comment        0x0000000000000000       0x53
 .comment       0x0000000000000000       0x53 led_button.o
                                         0x54 (size before relaxing)
 .comment       0x0000000000000053       0x54 stm32f407xx_gpio_driver.o
 .comment       0x0000000000000053       0x54 stm32_startup.o

.ARM.attributes
                0x0000000000000000       0x2e
 .ARM.attributes
                0x0000000000000000       0x2e led_button.o
 .ARM.attributes
                0x000000000000002e       0x2e stm32f407xx_gpio_driver.o
 .ARM.attributes
                0x000000000000005c       0x2e stm32_startup.o
